PASS plant reference 241 13
PASS plant dry 241 7
PASS plant irrigated 241 7
PASS plant nitrogen 241 5
PASS plant perennial 241 21
PASS plant reseed 241 56
PASS plant c4 241 12
PASS plant cam 241 38
PASS leaf reference 241 9
PASS leaf dark 241 4
PASS leaf low-light 241 5
PASS leaf heat 241 60
PASS leaf dry-leaf 241 19
PASS adaptation reference 351 36
PASS adaptation cool 351 16
PASS adaptation arid 351 19
PASS adaptation neutral 351 13
PASS adaptation warming 501 23
PASS lipids fadns 241 358
PASS lipids metabolism 241 217
PASS tcell reference 241 82
PASS tcell death 241 85
PASS tcell slow 241 71
PASS randomness dice 501 3
PASS randomness brownian 241 24
PASS randomness ou 241 36
PASS randomness birthdeath 241 14
PASS branching subcritical 26 10
PASS branching critical 26 7
PASS branching supercritical 19 6
PASS diffusion periodic 241 28
PASS diffusion closed 241 21
PASS diffusion open 241 25
PASS diffusion constant 241 18
PASS fractals triangle 12000 27
PASS fractals fern 12000 26
PASS fractals mandelbrot 22500 42
