PASS adaptation-arid 1.3314169613806946e-14
PASS adaptation-cool 5.239203301220715e-15
PASS adaptation-neutral 1.4243200640409447e-16
PASS adaptation-reference 7.305714803269719e-15
PASS adaptation-warming 1.921448349469824e-14
PASS branching-critical 0.0
PASS branching-subcritical 1.2905792726403003e-16
PASS branching-supercritical 2.4576049244607784e-16
PASS diffusion-closed 8.83571060382156e-17
PASS diffusion-constant 7.320151810715318e-17
PASS diffusion-open 1.463002449313157e-16
PASS diffusion-periodic 2.2142741046468601e-16
PASS fractals-fern 0.0
PASS fractals-mandelbrot 4.3762759436282626e-16
PASS fractals-triangle 0.0
PASS leaf-dark 6.638011355614238e-16
PASS leaf-dry-leaf 1.0026475376454526e-05
PASS leaf-heat 9.313608124772426e-06
PASS leaf-low-light 6.638011355614238e-16
PASS leaf-reference 7.254190357316627e-16
PASS lipids-fadns 2.6022441252846473e-08
PASS lipids-metabolism 4.686231183278096e-07
PASS plant-c4 2.557953848735779e-13
PASS plant-cam 5.329070518200685e-14
PASS plant-dry 7.105427357601002e-14
PASS plant-irrigated 1.3642420526488458e-12
PASS plant-nitrogen 3.410605131648287e-13
PASS plant-perennial 9.379164112026925e-13
PASS plant-reference 1.4210854715200792e-13
PASS plant-reseed 1.4210854715201095e-14
PASS randomness-birthdeath 3.10720461095617e-16
PASS randomness-brownian 4.6731657488669927e-14
PASS randomness-dice 0.0
PASS randomness-ou 1.5982402567233206e-14
PASS tcell-death 1.2763969572694387e-07
PASS tcell-reference 1.3402278197708314e-07
PASS tcell-slow 7.499047802125395e-08
